[templates.envytheme.com/depan/rtl/index.html]
[templates.envytheme.com/depan/rtl/assets/css/bootstrap.rtl.min.css]
[templates.envytheme.com/depan/rtl/assets/css/animate.min.css]
[templates.envytheme.com/depan/rtl/assets/css/meanmenu.css]
[templates.envytheme.com/depan/rtl/assets/css/boxicons.min.css]
[templates.envytheme.com/depan/rtl/assets/css/owl.carousel.min.css]
[templates.envytheme.com/depan/rtl/assets/css/owl.theme.default.min.css]
[templates.envytheme.com/depan/rtl/assets/css/magnific-popup.min.css]
[templates.envytheme.com/depan/rtl/assets/css/nice-select.min.css]
[templates.envytheme.com/depan/rtl/assets/css/style.css]
[templates.envytheme.com/depan/rtl/assets/css/responsive.css]
[backblue.gif]
[fade.gif]
[index.html]
[templates.envytheme.com/depan/rtl/assets/css/rtl.css]
[templates.envytheme.com/depan/rtl/assets/img/favicon.png]
[templates.envytheme.com/depan/rtl/login.html]
[templates.envytheme.com/depan/rtl/assets/img/logo-1.png]
[templates.envytheme.com/depan/rtl/index-2.html]
[templates.envytheme.com/depan/rtl/index-3.html]
[templates.envytheme.com/depan/rtl/index-4.html]
[templates.envytheme.com/depan/rtl/politics.html]
[templates.envytheme.com/depan/rtl/business.html]
[templates.envytheme.com/depan/rtl/technology.html]
[templates.envytheme.com/depan/rtl/sport.html]
[templates.envytheme.com/depan/rtl/culture.html]
[templates.envytheme.com/depan/rtl/video.html]
[templates.envytheme.com/depan/rtl/news.html]
[templates.envytheme.com/depan/rtl/news-right-sidebar.html]
[templates.envytheme.com/depan/rtl/news-left-sidebar.html]
[templates.envytheme.com/depan/rtl/news-without-sidebar.html]
[templates.envytheme.com/depan/rtl/news-details-1.html]
[templates.envytheme.com/depan/rtl/news-details-2.html]
[templates.envytheme.com/depan/rtl/news-details-3.html]
[templates.envytheme.com/depan/rtl/author.html]
[templates.envytheme.com/depan/rtl/about-us.html]
[templates.envytheme.com/depan/rtl/our-team.html]
[templates.envytheme.com/depan/rtl/fashion.html]
[templates.envytheme.com/depan/rtl/entertainment.html]
[templates.envytheme.com/depan/rtl/lifestyle.html]
[templates.envytheme.com/depan/rtl/international.html]
[templates.envytheme.com/depan/rtl/register.html]
[templates.envytheme.com/depan/rtl/error-404.html]
[templates.envytheme.com/depan/rtl/terms-of-service.html]
[templates.envytheme.com/depan/rtl/privacy-policy.html]
[templates.envytheme.com/depan/rtl/coming-soon.html]
[templates.envytheme.com/depan/rtl/contact.html]
[templates.envytheme.com/depan/rtl/assets/img/main-news/main-news-1.jpg]
[templates.envytheme.com/depan/rtl/assets/img/main-news/main-news-2.jpg]
[templates.envytheme.com/depan/rtl/assets/img/main-news/main-news-3.jpg]
[templates.envytheme.com/depan/rtl/assets/img/main-news/main-news-4.jpg]
[templates.envytheme.com/depan/rtl/assets/img/most-popular/most-popular-1.jpg]
[templates.envytheme.com/depan/rtl/assets/img/most-popular/most-popular-2.jpg]
[templates.envytheme.com/depan/rtl/assets/img/most-popular/most-popular-3.jpg]
[templates.envytheme.com/depan/rtl/assets/img/most-popular/most-popular-4.jpg]
[templates.envytheme.com/depan/rtl/assets/img/most-popular/most-popular-5.jpg]
[templates.envytheme.com/depan/rtl/assets/img/most-popular/most-popular-6.jpg]
[templates.envytheme.com/depan/rtl/assets/img/video-news/video-news-1.jpg]
[templates.envytheme.com/depan/rtl/assets/img/video-news/video-news-2.jpg]
[templates.envytheme.com/depan/rtl/assets/img/video-news/video-news-3.jpg]
[templates.envytheme.com/depan/rtl/assets/img/politics-news/politics-news-1.jpg]
[templates.envytheme.com/depan/rtl/assets/img/politics-news/politics-news-2.jpg]
[templates.envytheme.com/depan/rtl/assets/img/politics-news/politics-news-3.jpg]
[templates.envytheme.com/depan/rtl/assets/img/politics-news/politics-news-4.jpg]
[templates.envytheme.com/depan/rtl/assets/img/business-news/business-news-1.jpg]
[templates.envytheme.com/depan/rtl/assets/img/business-news/business-news-2.jpg]
[templates.envytheme.com/depan/rtl/assets/img/sports-news/sports-news-1.jpg]
[templates.envytheme.com/depan/rtl/assets/img/sports-news/sports-news-2.jpg]
[templates.envytheme.com/depan/rtl/assets/img/sports-news/sports-news-3.jpg]
[templates.envytheme.com/depan/rtl/assets/img/tech-news/tech-news-1.jpg]
[templates.envytheme.com/depan/rtl/assets/img/tech-news/tech-news-2.jpg]
[templates.envytheme.com/depan/rtl/assets/img/tech-news/tech-news-3.jpg]
[templates.envytheme.com/depan/rtl/assets/img/culture-news/culture-news-1.jpg]
[templates.envytheme.com/depan/rtl/assets/img/culture-news/culture-news-2.jpg]
[templates.envytheme.com/depan/rtl/assets/img/culture-news/culture-news-3.jpg]
[templates.envytheme.com/depan/rtl/assets/img/culture-news/culture-news-4.jpg]
[templates.envytheme.com/depan/rtl/assets/img/health-news/health-news-1.jpg]
[templates.envytheme.com/depan/rtl/assets/img/health-news/health-news-2.jpg]
[templates.envytheme.com/depan/rtl/assets/img/featured-reports/featured-reports-1.jpg]
[templates.envytheme.com/depan/rtl/assets/img/most-shared/most-shared-1.jpg]
[templates.envytheme.com/depan/rtl/assets/img/latest-news/latest-news-1.jpg]
[templates.envytheme.com/depan/rtl/assets/img/latest-news/latest-news-2.jpg]
[templates.envytheme.com/depan/rtl/assets/img/latest-news/latest-news-3.jpg]
[templates.envytheme.com/depan/rtl/assets/img/latest-news/latest-news-4.jpg]
[templates.envytheme.com/depan/rtl/assets/img/latest-news/latest-news-5.jpg]
[templates.envytheme.com/depan/rtl/assets/img/latest-news/latest-news-6.jpg]
[templates.envytheme.com/depan/rtl/assets/img/logo-3.png]
[templates.envytheme.com/depan/rtl/assets/img/recent-post/recent-post-1.jpg]
[templates.envytheme.com/depan/rtl/assets/img/recent-post/recent-post-2.jpg]
[templates.envytheme.com/depan/rtl/assets/img/recent-post/recent-post-3.jpg]
[templates.envytheme.com/depan/rtl/assets/js/jquery.min.js]
[templates.envytheme.com/depan/rtl/assets/js/popper.min.js]
[templates.envytheme.com/depan/rtl/assets/js/bootstrap.min.js]
[templates.envytheme.com/depan/rtl/assets/js/jquery.meanmenu.js]
[templates.envytheme.com/depan/rtl/assets/js/owl.carousel.min.js]
[templates.envytheme.com/depan/rtl/assets/js/jquery.magnific-popup.min.js]
[templates.envytheme.com/depan/rtl/assets/js/nice-select.min.js]
[templates.envytheme.com/depan/rtl/assets/js/jquery.ajaxchimp.min.js]
[templates.envytheme.com/depan/rtl/assets/js/form-validator.min.js]
[templates.envytheme.com/depan/rtl/assets/js/contact-form-script.js]
[templates.envytheme.com/depan/rtl/assets/js/wow.min.js]
[templates.envytheme.com/depan/rtl/index.html]
[templates.envytheme.com/depan/rtl/assets/css/bootstrap.rtl.min.css]
[templates.envytheme.com/depan/rtl/assets/css/animate.min.css]
[templates.envytheme.com/depan/rtl/assets/css/meanmenu.css]
[templates.envytheme.com/depan/rtl/assets/js/main.js]
[templates.envytheme.com/depan/rtl/assets/fonts/boxicons.eot]
[templates.envytheme.com/depan/rtl/assets/fonts/boxicons.woff2]
[templates.envytheme.com/depan/rtl/assets/fonts/boxicons.woff]
[templates.envytheme.com/depan/rtl/assets/fonts/boxicons.ttf]
[templates.envytheme.com/depan/rtl/assets/css/boxicons.min.css]
[templates.envytheme.com/depan/rtl/assets/fonts/boxiconsd41d.svg]
[templates.envytheme.com/depan/rtl/assets/css/owl.video.play.png]
[templates.envytheme.com/depan/rtl/assets/css/owl.carousel.min.css]
[templates.envytheme.com/depan/rtl/assets/css/owl.theme.default.min.css]
[templates.envytheme.com/depan/rtl/assets/css/magnific-popup.min.css]
[templates.envytheme.com/depan/rtl/assets/css/nice-select.min.css]
[templates.envytheme.com/depan/rtl/assets/img/latest-news/latest-news-7.jpg]
[templates.envytheme.com/depan/rtl/assets/img/latest-news/latest-news-8.jpg]
[templates.envytheme.com/depan/rtl/assets/img/latest-news/latest-news-9.jpg]
[templates.envytheme.com/depan/rtl/assets/img/latest-news/latest-news-10.jpg]
[templates.envytheme.com/depan/rtl/assets/img/popular-posts/popular-posts-1.jpg]
[templates.envytheme.com/depan/rtl/assets/img/popular-posts/popular-posts-2.jpg]
[templates.envytheme.com/depan/rtl/assets/img/popular-posts/popular-posts-3.jpg]
[templates.envytheme.com/depan/rtl/assets/img/popular-posts/popular-posts-4.jpg]
[templates.envytheme.com/depan/rtl/assets/img/popular-posts/popular-posts-5.jpg]
[templates.envytheme.com/depan/rtl/assets/css/style.css]
[templates.envytheme.com/depan/rtl/assets/css/responsive.css]
[templates.envytheme.com/depan/rtl/assets/css/rtl.css]
[templates.envytheme.com/depan/rtl/login.html]
[templates.envytheme.com/depan/rtl/assets/img/new-news/new-news-1.jpg]
[templates.envytheme.com/depan/rtl/assets/img/new-news/new-news-2.jpg]
[templates.envytheme.com/depan/rtl/assets/img/new-news/new-news-3.jpg]
[templates.envytheme.com/depan/rtl/assets/img/most-popular/most-popular-7.jpg]
[templates.envytheme.com/depan/rtl/assets/img/video-news/video-news-4.jpg]
[templates.envytheme.com/depan/rtl/assets/img/politics-news/politics-news-5.jpg]
[templates.envytheme.com/depan/rtl/assets/img/business-news/business-news-3.jpg]
[templates.envytheme.com/depan/rtl/assets/img/business-news/business-news-4.jpg]
[templates.envytheme.com/depan/rtl/assets/img/health-news/health-news-3.jpg]
[templates.envytheme.com/depan/rtl/assets/img/health-news/health-news-4.jpg]
[templates.envytheme.com/depan/rtl/assets/img/featured-reports/featured-reports-2.jpg]
[templates.envytheme.com/depan/rtl/assets/img/most-shared/most-shared-2.jpg]
[templates.envytheme.com/depan/rtl/index-2.html]
[templates.envytheme.com/depan/rtl/assets/img/main-default-news/main-default-news-1.jpg]
[templates.envytheme.com/depan/rtl/assets/img/main-default-news/main-default-news-2.jpg]
[templates.envytheme.com/depan/rtl/assets/img/main-default-news/main-default-news-3.jpg]
[templates.envytheme.com/depan/rtl/assets/img/main-default-news/main-default-news-4.jpg]
[templates.envytheme.com/depan/rtl/assets/img/main-default-news/main-default-news-5.jpg]
[templates.envytheme.com/depan/rtl/assets/img/politics-news/politics-news-6.jpg]
[templates.envytheme.com/depan/rtl/assets/img/politics-news/politics-news-7.jpg]
[templates.envytheme.com/depan/rtl/assets/img/politics-news/politics-news-8.jpg]
[templates.envytheme.com/depan/rtl/assets/img/politics-news/politics-news-9.jpg]
[templates.envytheme.com/depan/rtl/assets/img/politics-news/politics-news-10.jpg]
[templates.envytheme.com/depan/rtl/assets/img/sports-news/sports-news-4.jpg]
[templates.envytheme.com/depan/rtl/assets/img/culture-news/culture-news-7.jpg]
[templates.envytheme.com/depan/rtl/assets/img/culture-news/culture-news-8.jpg]
[templates.envytheme.com/depan/rtl/assets/img/culture-news/culture-news-5.jpg]
[templates.envytheme.com/depan/rtl/assets/img/culture-news/culture-news-6.jpg]
[templates.envytheme.com/depan/rtl/assets/img/health-news/health-news-5.jpg]
[templates.envytheme.com/depan/rtl/assets/img/health-news/health-news-6.jpg]
[templates.envytheme.com/depan/rtl/index-3.html]
[templates.envytheme.com/depan/rtl/assets/img/main-news-slider/main-news-slider-1.jpg]
[templates.envytheme.com/depan/rtl/assets/img/main-news-slider/main-news-slider-2.jpg]
[templates.envytheme.com/depan/rtl/assets/img/main-news-slider/main-news-slider-3.jpg]
[templates.envytheme.com/depan/rtl/assets/img/main-news-slider/main-news-slider-4.jpg]
[templates.envytheme.com/depan/rtl/assets/img/main-news-slider/main-news-slider-5.jpg]
[templates.envytheme.com/depan/rtl/index-4.html]
[templates.envytheme.com/depan/rtl/assets/img/politics-news/politics-news-11.jpg]
[templates.envytheme.com/depan/rtl/assets/img/politics-news/politics-news-12.jpg]
[templates.envytheme.com/depan/rtl/politics.html]
[templates.envytheme.com/depan/rtl/assets/img/business-news/business-news-10.jpg]
[templates.envytheme.com/depan/rtl/assets/img/business-news/business-news-5.jpg]
[templates.envytheme.com/depan/rtl/assets/img/business-news/business-news-9.jpg]
[templates.envytheme.com/depan/rtl/assets/img/business-news/business-news-7.jpg]
[templates.envytheme.com/depan/rtl/assets/img/business-news/business-news-6.jpg]
[templates.envytheme.com/depan/rtl/assets/img/business-news/business-news-8.jpg]
[templates.envytheme.com/depan/rtl/assets/img/business-news/business-news-11.jpg]
[templates.envytheme.com/depan/rtl/business.html]
[templates.envytheme.com/depan/rtl/assets/img/tech-news/tech-news-10.jpg]
[templates.envytheme.com/depan/rtl/assets/img/tech-news/tech-news-11.jpg]
[templates.envytheme.com/depan/rtl/assets/img/tech-news/tech-news-4.jpg]
[templates.envytheme.com/depan/rtl/assets/img/tech-news/tech-news-5.jpg]
[templates.envytheme.com/depan/rtl/assets/img/tech-news/tech-news-6.jpg]
[templates.envytheme.com/depan/rtl/assets/img/tech-news/tech-news-7.jpg]
[templates.envytheme.com/depan/rtl/assets/img/tech-news/tech-news-8.jpg]
[templates.envytheme.com/depan/rtl/assets/img/tech-news/tech-news-9.jpg]
[templates.envytheme.com/depan/rtl/assets/img/tech-news/tech-news-12.jpg]
[templates.envytheme.com/depan/rtl/assets/img/tech-news/tech-news-13.jpg]
[templates.envytheme.com/depan/rtl/assets/img/tech-news/tech-news-14.jpg]
[templates.envytheme.com/depan/rtl/assets/img/tech-news/tech-news-15.jpg]
[templates.envytheme.com/depan/rtl/technology.html]
[templates.envytheme.com/depan/rtl/assets/img/sports-news/sports-news-5.jpg]
[templates.envytheme.com/depan/rtl/assets/img/sports-news/sports-news-6.jpg]
[templates.envytheme.com/depan/rtl/assets/img/sports-news/sports-news-7.jpg]
[templates.envytheme.com/depan/rtl/assets/img/sports-news/sports-news-8.jpg]
[templates.envytheme.com/depan/rtl/assets/img/sports-news/sports-news-9.jpg]
[templates.envytheme.com/depan/rtl/assets/img/sports-news/sports-news-10.jpg]
[templates.envytheme.com/depan/rtl/assets/img/sports-news/sports-news-11.jpg]
[templates.envytheme.com/depan/rtl/assets/img/sports-news/sports-news-12.jpg]
[templates.envytheme.com/depan/rtl/assets/img/sports-news/sports-news-13.jpg]
[templates.envytheme.com/depan/rtl/assets/img/sports-news/sports-news-14.jpg]
[templates.envytheme.com/depan/rtl/sport.html]
[templates.envytheme.com/depan/rtl/assets/img/culture-news/culture-news-9.jpg]
[templates.envytheme.com/depan/rtl/assets/img/culture-news/culture-news-10.jpg]
[templates.envytheme.com/depan/rtl/assets/img/culture-news/culture-news-11.jpg]
[templates.envytheme.com/depan/rtl/assets/img/culture-news/culture-news-12.jpg]
[templates.envytheme.com/depan/rtl/assets/img/culture-news/culture-news-13.jpg]
[templates.envytheme.com/depan/rtl/assets/img/culture-news/culture-news-14.jpg]
[templates.envytheme.com/depan/rtl/assets/img/culture-news/culture-news-15.jpg]
[templates.envytheme.com/depan/rtl/assets/img/culture-news/culture-news-16.jpg]
[templates.envytheme.com/depan/rtl/assets/img/culture-news/culture-news-17.jpg]
[templates.envytheme.com/depan/rtl/assets/img/culture-news/culture-news-18.jpg]
[templates.envytheme.com/depan/rtl/assets/img/culture-news/culture-news-19.jpg]
[templates.envytheme.com/depan/rtl/assets/img/culture-news/culture-news-20.jpg]
[templates.envytheme.com/depan/rtl/culture.html]
[templates.envytheme.com/depan/rtl/assets/img/video-news/video-news-5.jpg]
[templates.envytheme.com/depan/rtl/assets/img/video-news/video-news-6.jpg]
[templates.envytheme.com/depan/rtl/assets/img/video-news/video-news-7.jpg]
[templates.envytheme.com/depan/rtl/assets/img/video-news/video-news-8.jpg]
[templates.envytheme.com/depan/rtl/assets/img/video-news/video-news-9.jpg]
[templates.envytheme.com/depan/rtl/assets/img/video-news/video-news-10.jpg]
[templates.envytheme.com/depan/rtl/assets/img/video-news/video-news-11.jpg]
[templates.envytheme.com/depan/rtl/assets/img/video-news/video-news-12.jpg]
[templates.envytheme.com/depan/rtl/assets/img/video-news/video-news-13.jpg]
[templates.envytheme.com/depan/rtl/assets/img/video-news/video-news-14.jpg]
[templates.envytheme.com/depan/rtl/video.html]
[templates.envytheme.com/depan/rtl/assets/img/news/news-1.jpg]
[templates.envytheme.com/depan/rtl/assets/img/news/news-2.jpg]
[templates.envytheme.com/depan/rtl/assets/img/news/news-3.jpg]
[templates.envytheme.com/depan/rtl/assets/img/news/news-4.jpg]
[templates.envytheme.com/depan/rtl/assets/img/news/news-5.jpg]
[templates.envytheme.com/depan/rtl/assets/img/news/news-6.jpg]
[templates.envytheme.com/depan/rtl/assets/img/news/news-7.jpg]
[templates.envytheme.com/depan/rtl/assets/img/news/news-8.jpg]
[templates.envytheme.com/depan/rtl/assets/img/news/news-9.jpg]
[templates.envytheme.com/depan/rtl/assets/img/news/news-10.jpg]
[templates.envytheme.com/depan/rtl/assets/img/news/news-11.jpg]
[templates.envytheme.com/depan/rtl/assets/img/news/news-12.jpg]
[templates.envytheme.com/depan/rtl/assets/img/news/news-13.jpg]
[templates.envytheme.com/depan/rtl/assets/img/news/news-14.jpg]
[templates.envytheme.com/depan/rtl/assets/img/news/news-15.jpg]
[templates.envytheme.com/depan/rtl/news.html]
[templates.envytheme.com/depan/rtl/news-right-sidebar.html]
[templates.envytheme.com/depan/rtl/news-left-sidebar.html]
[templates.envytheme.com/depan/rtl/news-without-sidebar.html]
[templates.envytheme.com/depan/rtl/assets/img/news-details/news-details-1.jpg]
[templates.envytheme.com/depan/rtl/assets/img/news-details/news-details-2.jpg]
[templates.envytheme.com/depan/rtl/assets/img/client/client-1.jpg]
[templates.envytheme.com/depan/rtl/assets/img/client/client-2.jpg]
[templates.envytheme.com/depan/rtl/assets/img/client/client-3.jpg]
[templates.envytheme.com/depan/rtl/news-details-1.html]
[templates.envytheme.com/depan/rtl/news-details-2.html]
[templates.envytheme.com/depan/rtl/assets/img/news-details/news-details-3.jpg]
[templates.envytheme.com/depan/rtl/news-details-3.html]
[templates.envytheme.com/depan/rtl/assets/img/author.jpg]
[templates.envytheme.com/depan/rtl/assets/img/overview-news/overview-news-1.jpg]
[templates.envytheme.com/depan/rtl/assets/img/overview-news/overview-news-2.jpg]
[templates.envytheme.com/depan/rtl/assets/img/overview-news/overview-news-3.jpg]
[templates.envytheme.com/depan/rtl/assets/img/overview-news/overview-news-4.jpg]
[templates.envytheme.com/depan/rtl/assets/img/overview-news/overview-news-5.jpg]
[templates.envytheme.com/depan/rtl/assets/img/overview-news/overview-news-6.jpg]
[templates.envytheme.com/depan/rtl/assets/img/overview-news/overview-news-7.jpg]
[templates.envytheme.com/depan/rtl/assets/img/overview-news/overview-news-8.jpg]
[templates.envytheme.com/depan/rtl/assets/img/overview-news/overview-news-9.jpg]
[templates.envytheme.com/depan/rtl/assets/img/overview-news/overview-news-10.jpg]
[templates.envytheme.com/depan/rtl/assets/img/overview-news/overview-news-11.jpg]
[templates.envytheme.com/depan/rtl/assets/img/overview-news/overview-news-12.jpg]
[templates.envytheme.com/depan/rtl/assets/img/overview-news/overview-news-13.jpg]
[templates.envytheme.com/depan/rtl/assets/img/overview-news/overview-news-14.jpg]
[templates.envytheme.com/depan/rtl/assets/img/overview-news/overview-news-15.jpg]
[templates.envytheme.com/depan/rtl/author.html]
[templates.envytheme.com/depan/rtl/assets/img/about.jpg]
[templates.envytheme.com/depan/rtl/assets/img/team/team-1.jpg]
[templates.envytheme.com/depan/rtl/assets/img/team/team-2.jpg]
[templates.envytheme.com/depan/rtl/assets/img/team/team-3.jpg]
[templates.envytheme.com/depan/rtl/assets/img/team/team-4.jpg]
[templates.envytheme.com/depan/rtl/assets/img/team/team-5.jpg]
[templates.envytheme.com/depan/rtl/assets/img/team/team-6.jpg]
[templates.envytheme.com/depan/rtl/about-us.html]
[templates.envytheme.com/depan/rtl/our-team.html]
[templates.envytheme.com/depan/rtl/fashion.html]
[templates.envytheme.com/depan/rtl/entertainment.html]
[templates.envytheme.com/depan/rtl/lifestyle.html]
[templates.envytheme.com/depan/rtl/international.html]
[templates.envytheme.com/depan/rtl/register.html]
[templates.envytheme.com/depan/rtl/assets/img/404-error.png]
[templates.envytheme.com/depan/rtl/error-404.html]
[templates.envytheme.com/depan/rtl/terms-of-service.html]
[templates.envytheme.com/depan/rtl/privacy-policy.html]
[templates.envytheme.com/depan/rtl/coming-soon.html]
[templates.envytheme.com/depan/rtl/contact.html]
[templates.envytheme.com/depan/rtl/assets/fonts/boxiconsd41d.svg]
[templates.envytheme.com/depan/rtl/assets/css/owl.video.play.html]
